// Vitest Snapshot v1, https://vitest.dev/guide/snapshot.html

exports[`App > should render users 1`] = `
<div>
  <div>
    <div>
      <button>
        Edit
      </button>
      <button>
        Delete
      </button>
    </div>
    <div>
      <b>
        ID:
      </b>
      <span>
        1
      </span>
      <br />
      <b>
        Username:
      </b>
      <span>
        johndoe
      </span>
      <br />
      <b>
        Email:
      </b>
      <span>
        l3X2k@example.com
      </span>
    </div>
  </div>
  <div>
    <div>
      <button>
        Edit
      </button>
      <button>
        Delete
      </button>
    </div>
    <div>
      <b>
        ID:
      </b>
      <span>
        2
      </span>
      <br />
      <b>
        Username:
      </b>
      <span>
        janedoe
      </span>
      <br />
      <b>
        Email:
      </b>
      <span>
        j8wKu@example.com
      </span>
    </div>
  </div>
</div>
`;
